/mnt/dftevn/home/hayk/workdir/2D/W_N/WN_codes/src/dftkit/utils/calc_funcs_vasp.py:37: FutureWarning: Please use atoms.calc = calc
  structure.set_calculator(calc)
[2026-03-06 09:03:59] Starting workflow: calc_name=DOS_calc
[2026-03-06 09:03:59] Selected records: 7
[2026-03-06 09:03:59] SLURM config: configs/slurm_ysu2.conf
[2026-03-06 09:03:59] Start step: 1
[2026-03-06 09:03:59] === Starting step 1 for 7 IDs ===
[2026-03-06 09:03:59] Preparing step1 relaxation for ID=1, material=C2DB_W-N-2D_W4N3_C2DB-11836
[2026-03-06 09:03:59] Submitted job: dos_pbe_id1_r1 (job_id=30446)
[2026-03-06 09:03:59] Preparing step1 relaxation for ID=3, material=USPEX_VARIABLE_W-N-2D_1042
[2026-03-06 09:03:59] Submitted job: dos_pbe_id3_r1 (job_id=30447)
[2026-03-06 09:03:59] Preparing step1 relaxation for ID=4, material=USPEX_VARIABLE_W-N-2D_2175
[2026-03-06 09:03:59] Submitted job: dos_pbe_id4_r1 (job_id=30448)
[2026-03-06 09:03:59] Preparing step1 relaxation for ID=5, material=USPEX_VARIABLE_W-N-2D_2403
[2026-03-06 09:03:59] Submitted job: dos_pbe_id5_r1 (job_id=30449)
[2026-03-06 09:03:59] Preparing step1 relaxation for ID=6, material=USPEX_VARIABLE_W-N-2D_2971
[2026-03-06 09:03:59] Submitted job: dos_pbe_id6_r1 (job_id=30450)
[2026-03-06 09:03:59] Preparing step1 relaxation for ID=7, material=USPEX_VARIABLE_W-N-2D_3035
[2026-03-06 09:03:59] Submitted job: dos_pbe_id7_r1 (job_id=30451)
[2026-03-06 09:03:59] Preparing step1 relaxation for ID=8, material=USPEX_VARIABLE_W-N-2D_3596
[2026-03-06 09:03:59] Submitted job: dos_pbe_id8_r1 (job_id=30452)
[2026-03-06 09:03:59] Submitted 7 jobs for step 1. Start monitoring...
[2026-03-06 09:03:59] dos_pbe_id1_r1 status: PD
[2026-03-06 09:03:59] dos_pbe_id3_r1 status: PD
[2026-03-06 09:03:59] dos_pbe_id4_r1 status: PD
[2026-03-06 09:03:59] dos_pbe_id5_r1 status: PD
[2026-03-06 09:03:59] dos_pbe_id6_r1 status: PD
[2026-03-06 09:04:00] dos_pbe_id7_r1 status: PD
[2026-03-06 09:04:00] dos_pbe_id8_r1 status: PD
[2026-03-06 09:04:20] dos_pbe_id1_r1 status: R
[2026-03-06 09:04:20] dos_pbe_id3_r1 status: R
[2026-03-06 09:04:20] dos_pbe_id4_r1 status: R
[2026-03-06 09:05:40] dos_pbe_id1_r1 status: Finished
[2026-03-06 09:05:40] ID=1: step1_relax completed
[2026-03-06 09:05:40] dos_pbe_id5_r1 status: R
[2026-03-06 09:06:00] dos_pbe_id4_r1 status: Finished
[2026-03-06 09:06:00] ID=4: step1_relax completed
[2026-03-06 09:06:01] dos_pbe_id6_r1 status: R
[2026-03-06 09:10:42] dos_pbe_id3_r1 status: Finished
[2026-03-06 09:10:42] ID=3: step1_relax completed
[2026-03-06 09:11:02] dos_pbe_id7_r1 status: R
[2026-03-06 09:11:43] dos_pbe_id6_r1 status: Finished
[2026-03-06 09:11:43] ID=6: step1_relax completed
[2026-03-06 09:11:43] dos_pbe_id8_r1 status: R
[2026-03-06 09:13:23] dos_pbe_id7_r1 status: Finished
[2026-03-06 09:13:23] ID=7: step1_relax completed
[2026-03-06 09:14:23] dos_pbe_id5_r1 status: Finished
[2026-03-06 09:14:23] ID=5: step1_relax completed
[2026-03-06 09:15:03] dos_pbe_id8_r1 status: Finished
[2026-03-06 09:15:03] ID=8: step1_relax completed
[2026-03-06 09:15:03] === Step 1 finished ===
[2026-03-06 09:15:03] === Starting step 2 for 7 IDs ===
[2026-03-06 09:15:03] Preparing step2 SCF for ID=1, material=C2DB_W-N-2D_W4N3_C2DB-11836 from CONTCAR
[2026-03-06 09:15:04] Submitted job: dos_pbe_id1_s2 (job_id=30453)
[2026-03-06 09:15:04] Preparing step2 SCF for ID=3, material=USPEX_VARIABLE_W-N-2D_1042 from CONTCAR
[2026-03-06 09:15:04] Submitted job: dos_pbe_id3_s2 (job_id=30454)
[2026-03-06 09:15:04] Preparing step2 SCF for ID=4, material=USPEX_VARIABLE_W-N-2D_2175 from CONTCAR
[2026-03-06 09:15:04] Submitted job: dos_pbe_id4_s2 (job_id=30455)
[2026-03-06 09:15:04] Preparing step2 SCF for ID=5, material=USPEX_VARIABLE_W-N-2D_2403 from CONTCAR
[2026-03-06 09:15:04] Submitted job: dos_pbe_id5_s2 (job_id=30456)
[2026-03-06 09:15:04] Preparing step2 SCF for ID=6, material=USPEX_VARIABLE_W-N-2D_2971 from CONTCAR
[2026-03-06 09:15:04] Submitted job: dos_pbe_id6_s2 (job_id=30457)
[2026-03-06 09:15:04] Preparing step2 SCF for ID=7, material=USPEX_VARIABLE_W-N-2D_3035 from CONTCAR
[2026-03-06 09:15:04] Submitted job: dos_pbe_id7_s2 (job_id=30458)
[2026-03-06 09:15:04] Preparing step2 SCF for ID=8, material=USPEX_VARIABLE_W-N-2D_3596 from CONTCAR
[2026-03-06 09:15:04] Submitted job: dos_pbe_id8_s2 (job_id=30459)
[2026-03-06 09:15:04] Submitted 7 jobs for step 2. Start monitoring...
[2026-03-06 09:15:04] dos_pbe_id1_s2 status: PD
[2026-03-06 09:15:04] dos_pbe_id3_s2 status: PD
[2026-03-06 09:15:04] dos_pbe_id4_s2 status: PD
[2026-03-06 09:15:04] dos_pbe_id5_s2 status: PD
[2026-03-06 09:15:04] dos_pbe_id6_s2 status: PD
[2026-03-06 09:15:04] dos_pbe_id7_s2 status: PD
[2026-03-06 09:15:04] dos_pbe_id8_s2 status: PD
[2026-03-06 09:15:24] dos_pbe_id1_s2 status: Finished
[2026-03-06 09:15:24] ID=1: step2_scf completed
[2026-03-06 09:15:24] dos_pbe_id3_s2 status: R
[2026-03-06 09:15:24] dos_pbe_id4_s2 status: R
[2026-03-06 09:15:24] dos_pbe_id5_s2 status: R
[2026-03-06 09:19:06] dos_pbe_id4_s2 status: Finished
[2026-03-06 09:19:06] ID=4: step2_scf completed
[2026-03-06 09:19:06] dos_pbe_id6_s2 status: R
[2026-03-06 09:20:06] dos_pbe_id3_s2 status: Finished
[2026-03-06 09:20:06] ID=3: step2_scf completed
[2026-03-06 09:20:06] dos_pbe_id7_s2 status: R
[2026-03-06 09:24:48] dos_pbe_id6_s2 status: Finished
[2026-03-06 09:24:48] ID=6: step2_scf completed
[2026-03-06 09:24:48] dos_pbe_id8_s2 status: R
[2026-03-06 09:25:28] dos_pbe_id7_s2 status: Finished
[2026-03-06 09:25:28] ID=7: step2_scf completed
[2026-03-06 09:27:29] dos_pbe_id5_s2 status: Finished
[2026-03-06 09:27:29] ID=5: step2_scf completed
[2026-03-06 09:28:09] dos_pbe_id8_s2 status: Finished
[2026-03-06 09:28:09] ID=8: step2_scf completed
[2026-03-06 09:28:09] === Step 2 finished ===
[2026-03-06 09:28:09] === Starting step 3 for 7 IDs ===
[2026-03-06 09:28:09] Preparing step3 DOS for ID=1, material=C2DB_W-N-2D_W4N3_C2DB-11836 from CONTCAR
Traceback (most recent call last):
  File "/mnt/dftevn/home/hayk/workdir/2D/W_N/WN_codes/src/dftkit/workflows/dos_pdos_band_workflow.py", line 1016, in <module>
    main()
  File "/mnt/dftevn/home/hayk/workdir/2D/W_N/WN_codes/src/dftkit/workflows/dos_pdos_band_workflow.py", line 923, in main
    scf_atoms = read(source_structure)
  File "/mnt/dftevn/home/hayk/miniconda3/envs/wn_env/lib/python3.10/site-packages/ase/io/formats.py", line 794, in read
    return next(_iread(filename, slice(index, None), format, io,
  File "/mnt/dftevn/home/hayk/miniconda3/envs/wn_env/lib/python3.10/site-packages/ase/parallel.py", line 300, in new_generator
    for result in generator(*args, **kwargs):
  File "/mnt/dftevn/home/hayk/miniconda3/envs/wn_env/lib/python3.10/site-packages/ase/io/formats.py", line 860, in _iread
    for dct in io.read(fd, *args, **kwargs):
  File "/mnt/dftevn/home/hayk/miniconda3/envs/wn_env/lib/python3.10/site-packages/ase/io/formats.py", line 616, in wrap_read_function
    yield read(filename, **kwargs)
  File "/mnt/dftevn/home/hayk/miniconda3/envs/wn_env/lib/python3.10/site-packages/ase/utils/__init__.py", line 599, in iofunc
    obj = func(fd, *args, **kwargs)
  File "/mnt/dftevn/home/hayk/miniconda3/envs/wn_env/lib/python3.10/site-packages/ase/io/vasp.py", line 155, in read_vasp
    atoms = read_vasp_configuration(fd)
  File "/mnt/dftevn/home/hayk/miniconda3/envs/wn_env/lib/python3.10/site-packages/ase/io/vasp.py", line 178, in read_vasp_configuration
    scale = parse_poscar_scaling_factor(fd.readline())
  File "/mnt/dftevn/home/hayk/miniconda3/envs/wn_env/lib/python3.10/site-packages/ase/io/vasp.py", line 48, in parse_poscar_scaling_factor
    raise RuntimeError('The number of scaling factors must be 1 or 3.')
RuntimeError: The number of scaling factors must be 1 or 3.
/mnt/dftevn/home/hayk/workdir/2D/W_N/WN_codes/src/dftkit/utils/calc_funcs_vasp.py:37: FutureWarning: Please use atoms.calc = calc
  structure.set_calculator(calc)
[2026-03-06 09:39:34] Starting workflow: calc_name=DOS_calc
[2026-03-06 09:39:34] Selected records: 7
[2026-03-06 09:39:34] SLURM config: configs/slurm_ysu2.conf
[2026-03-06 09:39:34] Start step: 3
[2026-03-06 09:39:34] === Starting step 3 for 7 IDs ===
[2026-03-06 09:39:34] Preparing step3 DOS for ID=1, material=C2DB_W-N-2D_W4N3_C2DB-11836 from POSCAR
[2026-03-06 09:39:34] Submitted job: dos_pbe_id1_s3 (job_id=30460)
[2026-03-06 09:39:34] Preparing step3 DOS for ID=3, material=USPEX_VARIABLE_W-N-2D_1042 from CONTCAR
[2026-03-06 09:39:34] Submitted job: dos_pbe_id3_s3 (job_id=30461)
[2026-03-06 09:39:34] Preparing step3 DOS for ID=4, material=USPEX_VARIABLE_W-N-2D_2175 from CONTCAR
[2026-03-06 09:39:35] Submitted job: dos_pbe_id4_s3 (job_id=30462)
[2026-03-06 09:39:35] Preparing step3 DOS for ID=5, material=USPEX_VARIABLE_W-N-2D_2403 from CONTCAR
[2026-03-06 09:39:35] Submitted job: dos_pbe_id5_s3 (job_id=30463)
[2026-03-06 09:39:35] Preparing step3 DOS for ID=6, material=USPEX_VARIABLE_W-N-2D_2971 from CONTCAR
[2026-03-06 09:39:35] Submitted job: dos_pbe_id6_s3 (job_id=30464)
[2026-03-06 09:39:35] Preparing step3 DOS for ID=7, material=USPEX_VARIABLE_W-N-2D_3035 from CONTCAR
[2026-03-06 09:39:36] Submitted job: dos_pbe_id7_s3 (job_id=30465)
[2026-03-06 09:39:36] Preparing step3 DOS for ID=8, material=USPEX_VARIABLE_W-N-2D_3596 from CONTCAR
[2026-03-06 09:39:36] Submitted job: dos_pbe_id8_s3 (job_id=30466)
[2026-03-06 09:39:36] Submitted 7 jobs for step 3. Start monitoring...
[2026-03-06 09:39:36] dos_pbe_id1_s3 status: R
[2026-03-06 09:39:36] dos_pbe_id3_s3 status: R
[2026-03-06 09:39:36] dos_pbe_id4_s3 status: PD
[2026-03-06 09:39:36] dos_pbe_id5_s3 status: PD
[2026-03-06 09:39:36] dos_pbe_id6_s3 status: PD
[2026-03-06 09:39:36] dos_pbe_id7_s3 status: PD
[2026-03-06 09:39:36] dos_pbe_id8_s3 status: PD
[2026-03-06 09:39:56] dos_pbe_id4_s3 status: R
[2026-03-06 09:40:37] dos_pbe_id4_s3 status: Finished
[2026-03-06 09:40:37] ID=4: step3_dos completed
[2026-03-06 09:40:37] dos_pbe_id5_s3 status: R
[2026-03-06 09:40:57] dos_pbe_id3_s3 status: Finished
[2026-03-06 09:40:57] ID=3: step3_dos completed
[2026-03-06 09:40:57] dos_pbe_id6_s3 status: R
[2026-03-06 09:42:58] dos_pbe_id1_s3 status: Finished
[2026-03-06 09:42:58] ID=1: step3_dos completed
[2026-03-06 09:42:58] dos_pbe_id7_s3 status: R
[2026-03-06 09:43:38] dos_pbe_id6_s3 status: Finished
[2026-03-06 09:43:38] ID=6: step3_dos completed
[2026-03-06 09:43:38] dos_pbe_id8_s3 status: R
[2026-03-06 09:44:18] dos_pbe_id5_s3 status: Finished
[2026-03-06 09:44:18] ID=5: step3_dos completed
[2026-03-06 09:44:38] dos_pbe_id7_s3 status: Finished
[2026-03-06 09:44:38] ID=7: step3_dos completed
[2026-03-06 09:44:58] dos_pbe_id8_s3 status: Finished
[2026-03-06 09:44:58] ID=8: step3_dos completed
[2026-03-06 09:44:58] === Step 3 finished ===
[2026-03-06 09:44:58] === Starting step 4 for 7 IDs ===
[2026-03-06 09:44:58] Preparing step4 2D band for ID=1, material=C2DB_W-N-2D_W4N3_C2DB-11836 from CONTCAR
[2026-03-06 09:44:58] Submitted job: dos_pbe_id1_s4 (job_id=30467)
[2026-03-06 09:44:58] Preparing step4 2D band for ID=3, material=USPEX_VARIABLE_W-N-2D_1042 from CONTCAR
[2026-03-06 09:44:58] Submitted job: dos_pbe_id3_s4 (job_id=30468)
[2026-03-06 09:44:58] Preparing step4 2D band for ID=4, material=USPEX_VARIABLE_W-N-2D_2175 from CONTCAR
[2026-03-06 09:44:59] Submitted job: dos_pbe_id4_s4 (job_id=30469)
[2026-03-06 09:44:59] Preparing step4 2D band for ID=5, material=USPEX_VARIABLE_W-N-2D_2403 from CONTCAR
[2026-03-06 09:44:59] Submitted job: dos_pbe_id5_s4 (job_id=30470)
[2026-03-06 09:44:59] Preparing step4 2D band for ID=6, material=USPEX_VARIABLE_W-N-2D_2971 from CONTCAR
[2026-03-06 09:44:59] Submitted job: dos_pbe_id6_s4 (job_id=30471)
[2026-03-06 09:44:59] Preparing step4 2D band for ID=7, material=USPEX_VARIABLE_W-N-2D_3035 from CONTCAR
[2026-03-06 09:45:00] Submitted job: dos_pbe_id7_s4 (job_id=30472)
[2026-03-06 09:45:00] Preparing step4 2D band for ID=8, material=USPEX_VARIABLE_W-N-2D_3596 from CONTCAR
[2026-03-06 09:45:00] Submitted job: dos_pbe_id8_s4 (job_id=30473)
[2026-03-06 09:45:00] Submitted 7 jobs for step 4. Start monitoring...
[2026-03-06 09:45:00] dos_pbe_id1_s4 status: R
[2026-03-06 09:45:00] dos_pbe_id3_s4 status: R
[2026-03-06 09:45:00] dos_pbe_id4_s4 status: PD
[2026-03-06 09:45:00] dos_pbe_id5_s4 status: PD
[2026-03-06 09:45:00] dos_pbe_id6_s4 status: PD
[2026-03-06 09:45:00] dos_pbe_id7_s4 status: PD
[2026-03-06 09:45:00] dos_pbe_id8_s4 status: PD
[2026-03-06 09:45:20] dos_pbe_id4_s4 status: R
[2026-03-06 09:48:02] dos_pbe_id4_s4 status: Finished
[2026-03-06 09:48:02] ID=4: step4_band completed
[2026-03-06 09:48:02] dos_pbe_id5_s4 status: R
[2026-03-06 09:48:22] dos_pbe_id3_s4 status: Finished
[2026-03-06 09:48:22] ID=3: step4_band completed
[2026-03-06 09:48:22] dos_pbe_id6_s4 status: R
[2026-03-06 09:49:42] dos_pbe_id1_s4 status: Finished
[2026-03-06 09:49:42] ID=1: step4_band completed
[2026-03-06 09:49:42] dos_pbe_id7_s4 status: R
[2026-03-06 09:53:23] dos_pbe_id7_s4 status: Finished
[2026-03-06 09:53:23] ID=7: step4_band completed
[2026-03-06 09:53:23] dos_pbe_id8_s4 status: R
[2026-03-06 09:53:44] dos_pbe_id6_s4 status: Finished
[2026-03-06 09:53:44] ID=6: step4_band completed
[2026-03-06 09:56:04] dos_pbe_id5_s4 status: Finished
[2026-03-06 09:56:04] ID=5: step4_band completed
[2026-03-06 09:56:24] dos_pbe_id8_s4 status: Finished
[2026-03-06 09:56:24] ID=8: step4_band completed
[2026-03-06 09:56:24] === Step 4 finished ===
[2026-03-06 09:56:24] Workflow finished
/mnt/dftevn/home/hayk/workdir/2D/W_N/WN_codes/src/dftkit/utils/calc_funcs_vasp.py:37: FutureWarning: Please use atoms.calc = calc
  structure.set_calculator(calc)
[2026-03-06 10:17:19] Starting HSE workflow: calc_name=DOS_HSE_calc
[2026-03-06 10:17:19] Selected records: 1
[2026-03-06 10:17:19] SLURM config: configs/slurm_ysu2.conf
[2026-03-06 10:17:19] Start step: 1
[2026-03-06 10:17:19] === Starting step 1 for 1 IDs ===
[2026-03-06 10:17:19] Preparing step1 relaxation for ID=2, material=USPEX_FIXED_W-N-2D_287
[2026-03-06 10:17:19] Submitted job: dos_hse_id2_r1 (job_id=30474)
[2026-03-06 10:17:19] Submitted 1 jobs for step 1. Start monitoring...
[2026-03-06 10:17:19] dos_hse_id2_r1 status: PD
[2026-03-06 10:17:39] dos_hse_id2_r1 status: R
[2026-03-06 10:19:20] dos_hse_id2_r1 status: Finished
[2026-03-06 10:19:20] ID=2: step1_relax completed
[2026-03-06 10:19:20] === Step 1 finished ===
[2026-03-06 10:19:20] === Starting step 2 for 1 IDs ===
[2026-03-06 10:19:20] Preparing step2 HSE-SCF for ID=2, material=USPEX_FIXED_W-N-2D_287 from CONTCAR
[2026-03-06 10:19:20] Submitted job: dos_hse_id2_s2 (job_id=30475)
[2026-03-06 10:19:20] Submitted 1 jobs for step 2. Start monitoring...
[2026-03-06 10:19:20] dos_hse_id2_s2 status: PD
[2026-03-06 10:19:40] dos_hse_id2_s2 status: Finished
[2026-03-06 10:19:40] ID=2: step2_scf completed
[2026-03-06 10:19:40] === Step 2 finished ===
[2026-03-06 10:19:40] === Starting step 3 for 1 IDs ===
[2026-03-06 10:19:40] Preparing step3 HSE-DOS for ID=2, material=USPEX_FIXED_W-N-2D_287 from POSCAR
[2026-03-06 10:19:40] Submitted job: dos_hse_id2_s3 (job_id=30476)
[2026-03-06 10:19:40] Submitted 1 jobs for step 3. Start monitoring...
[2026-03-06 10:19:40] dos_hse_id2_s3 status: PD
[2026-03-06 10:20:00] dos_hse_id2_s3 status: R
[2026-03-06 10:20:40] dos_hse_id2_s3 status: Finished
[2026-03-06 10:20:40] ID=2: step3_dos completed
[2026-03-06 10:20:40] === Step 3 finished ===
[2026-03-06 10:20:40] === Starting step 4 for 1 IDs ===
[2026-03-06 10:20:40] Preparing step4 HSE-band for ID=2, material=USPEX_FIXED_W-N-2D_287 from POSCAR
[2026-03-06 10:20:40] Submitted job: dos_hse_id2_s4 (job_id=30477)
[2026-03-06 10:20:40] Submitted 1 jobs for step 4. Start monitoring...
[2026-03-06 10:20:40] dos_hse_id2_s4 status: PD
[2026-03-06 10:21:00] dos_hse_id2_s4 status: Finished
[2026-03-06 10:21:00] ID=2: step4_band completed
[2026-03-06 10:21:00] === Step 4 finished ===
[2026-03-06 10:21:00] Workflow finished
/mnt/dftevn/home/hayk/workdir/2D/W_N/WN_codes/src/dftkit/utils/calc_funcs_vasp.py:37: FutureWarning: Please use atoms.calc = calc
  structure.set_calculator(calc)
/mnt/dftevn/home/hayk/workdir/2D/W_N/WN_codes/src/dftkit/utils/calc_funcs_vasp.py:37: FutureWarning: Please use atoms.calc = calc
  structure.set_calculator(calc)
