/home/hayk_zakaryan/workdir/2D/WN/WN_codes/src/dftkit/utils/calc_funcs_vasp.py:37: FutureWarning: Please use atoms.calc = calc
  structure.set_calculator(calc)
[2026-03-13 14:53:30] Starting ZPE/Gibbs workflow: calc_name=ZPE_Gibbs_calc
[2026-03-13 14:53:30] Selected records: 2
[2026-03-13 14:53:30] SLURM config: configs/slurm_aznavour.conf
[2026-03-13 14:53:30] POTCAR path: data/potcars
[2026-03-13 14:53:30] Using existing ZPE(H2) from general inputs: 0.27783027591273274 eV
[2026-03-13 14:53:30] Preparing H* vibration step for ID=5, material=USPEX_FIXED_W-N-2D_287_H_bridge_0_along_z
[2026-03-13 14:53:30] Submitted job: zpe_id5_vib (job_id=1616643)
[2026-03-13 14:53:30] Preparing H* vibration step for ID=6, material=USPEX_FIXED_W-N-2D_287_H_bridge_1_along_z
[2026-03-13 14:53:30] Submitted job: zpe_id6_vib (job_id=1616644)
[2026-03-13 14:53:30] zpe_id5_vib status: PD
[2026-03-13 14:53:30] zpe_id6_vib status: PD
[2026-03-13 14:53:51] zpe_id5_vib status: R
[2026-03-13 14:53:51] zpe_id6_vib status: R
[2026-03-13 16:38:37] zpe_id5_vib status: Finished
[2026-03-13 16:38:37] ID=5: hstar_vib completed
[2026-03-13 16:38:57] zpe_id6_vib status: Finished
[2026-03-13 16:38:57] ID=6: hstar_vib completed
[2026-03-13 16:38:57] Wrote report: /home/hayk_zakaryan/workdir/2D/WN/WN_codes/data/calculations/h_adsorption_materials_ZPE_Gibbs_calc/zpe_gibbs_report.csv
[2026-03-13 16:38:57] Workflow finished
